[36mvite v5.4.21 [32mbuilding for production...[36m[39m
transforming...
[32mΓ£ô[39m 27 modules transformed.
node.exe : [31mx[39m Build 
failed in 2.59s
At C:\Program 
Files\nodejs\npx.ps1:29 
char:3
+   & $NODE_EXE $NPX_CLI_JS 
$args
+   
~~~~~~~~~~~~~~~~~~~~~~~~~~~~~
    + CategoryInfo           
   : NotSpecified: ([31mx  
  [39m Build failed in 2.5   
 9s:String) [], RemoteExc    
eption
    + FullyQualifiedErrorId  
   : NativeCommandError
 
[31merror during build:
[31mCould not resolve "../co
mponents/admin/CertificateMan
ager" from "src/pages/AdminDa
shboard.jsx"[31m
file: [36mE:/ssia/frontend/s
rc/pages/AdminDashboard.jsx[
31m
    at getRollupError (file:/
//E:/ssia/frontend/node_modul
es/rollup/dist/es/shared/pars
eAst.js:402:41)
    at error (file:///E:/ssia
/frontend/node_modules/rollup
/dist/es/shared/parseAst.js:3
98:42)
    at ModuleLoader.handleInv
alidResolvedId (file:///E:/ss
ia/frontend/node_modules/roll
up/dist/es/shared/node-entry.
js:21710:24)
    at file:///E:/ssia/fronte
nd/node_modules/rollup/dist/e
s/shared/node-entry.js:21670:
26[39m
